Archive member included because of file (symbol)

c:/program files/gnu tools arm embedded/4.8 2014q2/bin/../lib/gcc/arm-none-eabi/4.8.4/armv7e-m\libgcc.a(_arm_addsubsf3.o)
                              ..\obj\stm32_ub_hcsr04.o (__aeabi_ui2f)
c:/program files/gnu tools arm embedded/4.8 2014q2/bin/../lib/gcc/arm-none-eabi/4.8.4/armv7e-m\libgcc.a(_arm_muldivsf3.o)
                              ..\obj\stm32_ub_hcsr04.o (__aeabi_fmul)
c:/program files/gnu tools arm embedded/4.8 2014q2/bin/../lib/gcc/arm-none-eabi/4.8.4/armv7e-m\libgcc.a(_arm_cmpsf2.o)
                              ..\obj\main.o (__aeabi_fcmplt)
c:/program files/gnu tools arm embedded/4.8 2014q2/bin/../lib/gcc/arm-none-eabi/4.8.4/armv7e-m\libgcc.a(_arm_fixsfsi.o)
                              ..\obj\main.o (__aeabi_f2iz)

Allocating common symbols
Common symbol       size              file

HCSR04              0xc               ..\obj\stm32_ub_hcsr04.o
multiplier          0x4               ..\obj\main.o
GPIO_InitStructure  0x8               ..\obj\stm32_ub_hcsr04.o

Discarded input sections

 .text          0x00000000        0x0 ..\obj\semihosting.o
 .data          0x00000000        0x0 ..\obj\semihosting.o
 .text.SH_SendString
                0x00000000       0x24 ..\obj\semihosting.o
 .text.SH_GetChar
                0x00000000       0x40 ..\obj\semihosting.o
 .text          0x00000000        0x0 ..\obj\stm32_ub_hcsr04.o
 .data          0x00000000        0x0 ..\obj\stm32_ub_hcsr04.o
 .bss           0x00000000        0x0 ..\obj\stm32_ub_hcsr04.o
 .text          0x00000000        0x0 ..\obj\startup_stm32f4xx.o
 .data          0x00000000        0x0 ..\obj\startup_stm32f4xx.o
 .bss           0x00000000        0x0 ..\obj\startup_stm32f4xx.o
 .text          0x00000000        0x0 ..\obj\stm32_ub_led.o
 .bss           0x00000000        0x0 ..\obj\stm32_ub_led.o
 .text.UB_Led_Toggle
                0x00000000       0x50 ..\obj\stm32_ub_led.o
 .text.UB_Led_Switch
                0x00000000       0x2c ..\obj\stm32_ub_led.o
 .text          0x00000000        0x0 ..\obj\main.o
 .data          0x00000000        0x0 ..\obj\main.o
 .bss           0x00000000        0x0 ..\obj\main.o
 .text          0x00000000        0x0 ..\obj\stm32f4xx_rcc.o
 .bss           0x00000000        0x0 ..\obj\stm32f4xx_rcc.o
 .text.RCC_DeInit
                0x00000000       0x50 ..\obj\stm32f4xx_rcc.o
 .text.RCC_HSEConfig
                0x00000000       0x24 ..\obj\stm32f4xx_rcc.o
 .text.RCC_WaitForHSEStartUp
                0x00000000       0x50 ..\obj\stm32f4xx_rcc.o
 .text.RCC_AdjustHSICalibrationValue
                0x00000000       0x3c ..\obj\stm32f4xx_rcc.o
 .text.RCC_HSICmd
                0x00000000       0x20 ..\obj\stm32f4xx_rcc.o
 .text.RCC_LSEConfig
                0x00000000       0x40 ..\obj\stm32f4xx_rcc.o
 .text.RCC_LSICmd
                0x00000000       0x20 ..\obj\stm32f4xx_rcc.o
 .text.RCC_PLLConfig
                0x00000000       0x3c ..\obj\stm32f4xx_rcc.o
 .text.RCC_PLLCmd
                0x00000000       0x20 ..\obj\stm32f4xx_rcc.o
 .text.RCC_PLLI2SConfig
                0x00000000       0x28 ..\obj\stm32f4xx_rcc.o
 .text.RCC_PLLI2SCmd
                0x00000000       0x20 ..\obj\stm32f4xx_rcc.o
 .text.RCC_ClockSecuritySystemCmd
                0x00000000       0x20 ..\obj\stm32f4xx_rcc.o
 .text.RCC_MCO1Config
                0x00000000       0x3c ..\obj\stm32f4xx_rcc.o
 .text.RCC_MCO2Config
                0x00000000       0x3c ..\obj\stm32f4xx_rcc.o
 .text.RCC_SYSCLKConfig
                0x00000000       0x38 ..\obj\stm32f4xx_rcc.o
 .text.RCC_GetSYSCLKSource
                0x00000000       0x20 ..\obj\stm32f4xx_rcc.o
 .text.RCC_HCLKConfig
                0x00000000       0x38 ..\obj\stm32f4xx_rcc.o
 .text.RCC_PCLK1Config
                0x00000000       0x38 ..\obj\stm32f4xx_rcc.o
 .text.RCC_PCLK2Config
                0x00000000       0x38 ..\obj\stm32f4xx_rcc.o
 .text.RCC_RTCCLKConfig
                0x00000000       0x5c ..\obj\stm32f4xx_rcc.o
 .text.RCC_RTCCLKCmd
                0x00000000       0x20 ..\obj\stm32f4xx_rcc.o
 .text.RCC_BackupResetCmd
                0x00000000       0x20 ..\obj\stm32f4xx_rcc.o
 .text.RCC_I2SCLKConfig
                0x00000000       0x1c ..\obj\stm32f4xx_rcc.o
 .text.RCC_AHB2PeriphClockCmd
                0x00000000       0x3c ..\obj\stm32f4xx_rcc.o
 .text.RCC_AHB3PeriphClockCmd
                0x00000000       0x3c ..\obj\stm32f4xx_rcc.o
 .text.RCC_APB2PeriphClockCmd
                0x00000000       0x3c ..\obj\stm32f4xx_rcc.o
 .text.RCC_AHB1PeriphResetCmd
                0x00000000       0x3c ..\obj\stm32f4xx_rcc.o
 .text.RCC_AHB2PeriphResetCmd
                0x00000000       0x3c ..\obj\stm32f4xx_rcc.o
 .text.RCC_AHB3PeriphResetCmd
                0x00000000       0x3c ..\obj\stm32f4xx_rcc.o
 .text.RCC_APB1PeriphResetCmd
                0x00000000       0x3c ..\obj\stm32f4xx_rcc.o
 .text.RCC_APB2PeriphResetCmd
                0x00000000       0x3c ..\obj\stm32f4xx_rcc.o
 .text.RCC_AHB1PeriphClockLPModeCmd
                0x00000000       0x3c ..\obj\stm32f4xx_rcc.o
 .text.RCC_AHB2PeriphClockLPModeCmd
                0x00000000       0x3c ..\obj\stm32f4xx_rcc.o
 .text.RCC_AHB3PeriphClockLPModeCmd
                0x00000000       0x3c ..\obj\stm32f4xx_rcc.o
 .text.RCC_APB1PeriphClockLPModeCmd
                0x00000000       0x3c ..\obj\stm32f4xx_rcc.o
 .text.RCC_APB2PeriphClockLPModeCmd
                0x00000000       0x3c ..\obj\stm32f4xx_rcc.o
 .text.RCC_ITConfig
                0x00000000       0x48 ..\obj\stm32f4xx_rcc.o
 .text.RCC_GetFlagStatus
                0x00000000       0x74 ..\obj\stm32f4xx_rcc.o
 .text.RCC_ClearFlag
                0x00000000       0x1c ..\obj\stm32f4xx_rcc.o
 .text.RCC_GetITStatus
                0x00000000       0x38 ..\obj\stm32f4xx_rcc.o
 .text.RCC_ClearITPendingBit
                0x00000000       0x20 ..\obj\stm32f4xx_rcc.o
 .text          0x00000000        0x0 ..\obj\printf.o
 .bss           0x00000000        0x0 ..\obj\printf.o
 .text.PrintString
                0x00000000       0x14 ..\obj\printf.o
 .text.snprintf
                0x00000000       0x30 ..\obj\printf.o
 .text.fprintf  0x00000000       0x2c ..\obj\printf.o
 .text.sprintf  0x00000000       0x2c ..\obj\printf.o
 .text.puts     0x00000000       0x24 ..\obj\printf.o
 .text          0x00000000        0x0 ..\obj\stm32f4xx_gpio.o
 .data          0x00000000        0x0 ..\obj\stm32f4xx_gpio.o
 .bss           0x00000000        0x0 ..\obj\stm32f4xx_gpio.o
 .text.GPIO_DeInit
                0x00000000      0x120 ..\obj\stm32f4xx_gpio.o
 .text.GPIO_StructInit
                0x00000000       0x34 ..\obj\stm32f4xx_gpio.o
 .text.GPIO_PinLockConfig
                0x00000000       0x44 ..\obj\stm32f4xx_gpio.o
 .text.GPIO_ReadInputDataBit
                0x00000000       0x34 ..\obj\stm32f4xx_gpio.o
 .text.GPIO_ReadInputData
                0x00000000       0x1c ..\obj\stm32f4xx_gpio.o
 .text.GPIO_ReadOutputDataBit
                0x00000000       0x34 ..\obj\stm32f4xx_gpio.o
 .text.GPIO_ReadOutputData
                0x00000000       0x1c ..\obj\stm32f4xx_gpio.o
 .text.GPIO_SetBits
                0x00000000       0x1c ..\obj\stm32f4xx_gpio.o
 .text.GPIO_ResetBits
                0x00000000       0x1c ..\obj\stm32f4xx_gpio.o
 .text.GPIO_WriteBit
                0x00000000       0x30 ..\obj\stm32f4xx_gpio.o
 .text.GPIO_Write
                0x00000000       0x1c ..\obj\stm32f4xx_gpio.o
 .text.GPIO_ToggleBits
                0x00000000       0x24 ..\obj\stm32f4xx_gpio.o
 .data          0x00000000        0x0 ..\obj\sh_cmd.o
 .bss           0x00000000        0x0 ..\obj\sh_cmd.o
 .text          0x00000000        0x0 ..\obj\system_stm32f4xx.o
 .data          0x00000000       0x14 ..\obj\system_stm32f4xx.o
 .bss           0x00000000        0x0 ..\obj\system_stm32f4xx.o
 .text.SystemCoreClockUpdate
                0x00000000       0xf8 ..\obj\system_stm32f4xx.o
 .text          0x00000000        0x0 ..\obj\misc.o
 .data          0x00000000        0x0 ..\obj\misc.o
 .bss           0x00000000        0x0 ..\obj\misc.o
 .text.NVIC_PriorityGroupConfig
                0x00000000       0x24 ..\obj\misc.o
 .text.NVIC_SetVectorTable
                0x00000000       0x2c ..\obj\misc.o
 .text.NVIC_SystemLPConfig
                0x00000000       0x40 ..\obj\misc.o
 .text.SysTick_CLKSourceConfig
                0x00000000       0x38 ..\obj\misc.o
 .text          0x00000000        0x0 ..\obj\stm32f4xx_tim.o
 .data          0x00000000        0x0 ..\obj\stm32f4xx_tim.o
 .bss           0x00000000        0x0 ..\obj\stm32f4xx_tim.o
 .text.TIM_DeInit
                0x00000000      0x1bc ..\obj\stm32f4xx_tim.o
 .text.TIM_TimeBaseStructInit
                0x00000000       0x34 ..\obj\stm32f4xx_tim.o
 .text.TIM_CounterModeConfig
                0x00000000       0x38 ..\obj\stm32f4xx_tim.o
 .text.TIM_SetAutoreload
                0x00000000       0x1c ..\obj\stm32f4xx_tim.o
 .text.TIM_GetCounter
                0x00000000       0x18 ..\obj\stm32f4xx_tim.o
 .text.TIM_GetPrescaler
                0x00000000       0x1c ..\obj\stm32f4xx_tim.o
 .text.TIM_UpdateDisableConfig
                0x00000000       0x40 ..\obj\stm32f4xx_tim.o
 .text.TIM_UpdateRequestConfig
                0x00000000       0x40 ..\obj\stm32f4xx_tim.o
 .text.TIM_SelectOnePulseMode
                0x00000000       0x38 ..\obj\stm32f4xx_tim.o
 .text.TIM_SetClockDivision
                0x00000000       0x38 ..\obj\stm32f4xx_tim.o
 .text.TIM_OC1Init
                0x00000000       0xf4 ..\obj\stm32f4xx_tim.o
 .text.TIM_OC2Init
                0x00000000      0x110 ..\obj\stm32f4xx_tim.o
 .text.TIM_OC3Init
                0x00000000      0x10c ..\obj\stm32f4xx_tim.o
 .text.TIM_OC4Init
                0x00000000       0xcc ..\obj\stm32f4xx_tim.o
 .text.TIM_OCStructInit
                0x00000000       0x44 ..\obj\stm32f4xx_tim.o
 .text.TIM_SelectOCxM
                0x00000000       0xac ..\obj\stm32f4xx_tim.o
 .text.TIM_SetCompare1
                0x00000000       0x1c ..\obj\stm32f4xx_tim.o
 .text.TIM_SetCompare2
                0x00000000       0x1c ..\obj\stm32f4xx_tim.o
 .text.TIM_SetCompare3
                0x00000000       0x1c ..\obj\stm32f4xx_tim.o
 .text.TIM_SetCompare4
                0x00000000       0x1c ..\obj\stm32f4xx_tim.o
 .text.TIM_ForcedOC1Config
                0x00000000       0x38 ..\obj\stm32f4xx_tim.o
 .text.TIM_ForcedOC2Config
                0x00000000       0x3c ..\obj\stm32f4xx_tim.o
 .text.TIM_ForcedOC3Config
                0x00000000       0x38 ..\obj\stm32f4xx_tim.o
 .text.TIM_ForcedOC4Config
                0x00000000       0x3c ..\obj\stm32f4xx_tim.o
 .text.TIM_OC1PreloadConfig
                0x00000000       0x38 ..\obj\stm32f4xx_tim.o
 .text.TIM_OC2PreloadConfig
                0x00000000       0x3c ..\obj\stm32f4xx_tim.o
 .text.TIM_OC3PreloadConfig
                0x00000000       0x38 ..\obj\stm32f4xx_tim.o
 .text.TIM_OC4PreloadConfig
                0x00000000       0x3c ..\obj\stm32f4xx_tim.o
 .text.TIM_OC1FastConfig
                0x00000000       0x38 ..\obj\stm32f4xx_tim.o
 .text.TIM_OC2FastConfig
                0x00000000       0x3c ..\obj\stm32f4xx_tim.o
 .text.TIM_OC3FastConfig
                0x00000000       0x38 ..\obj\stm32f4xx_tim.o
 .text.TIM_OC4FastConfig
                0x00000000       0x3c ..\obj\stm32f4xx_tim.o
 .text.TIM_ClearOC1Ref
                0x00000000       0x38 ..\obj\stm32f4xx_tim.o
 .text.TIM_ClearOC2Ref
                0x00000000       0x3c ..\obj\stm32f4xx_tim.o
 .text.TIM_ClearOC3Ref
                0x00000000       0x38 ..\obj\stm32f4xx_tim.o
 .text.TIM_ClearOC4Ref
                0x00000000       0x3c ..\obj\stm32f4xx_tim.o
 .text.TIM_OC1PolarityConfig
                0x00000000       0x38 ..\obj\stm32f4xx_tim.o
 .text.TIM_OC1NPolarityConfig
                0x00000000       0x38 ..\obj\stm32f4xx_tim.o
 .text.TIM_OC2PolarityConfig
                0x00000000       0x3c ..\obj\stm32f4xx_tim.o
 .text.TIM_OC2NPolarityConfig
                0x00000000       0x3c ..\obj\stm32f4xx_tim.o
 .text.TIM_OC3PolarityConfig
                0x00000000       0x3c ..\obj\stm32f4xx_tim.o
 .text.TIM_OC3NPolarityConfig
                0x00000000       0x3c ..\obj\stm32f4xx_tim.o
 .text.TIM_OC4PolarityConfig
                0x00000000       0x3c ..\obj\stm32f4xx_tim.o
 .text.TIM_CCxCmd
                0x00000000       0x54 ..\obj\stm32f4xx_tim.o
 .text.TIM_CCxNCmd
                0x00000000       0x54 ..\obj\stm32f4xx_tim.o
 .text.TIM_ICInit
                0x00000000       0xa8 ..\obj\stm32f4xx_tim.o
 .text.TIM_ICStructInit
                0x00000000       0x30 ..\obj\stm32f4xx_tim.o
 .text.TIM_GetCapture3
                0x00000000       0x18 ..\obj\stm32f4xx_tim.o
 .text.TIM_GetCapture4
                0x00000000       0x18 ..\obj\stm32f4xx_tim.o
 .text.TIM_SetIC3Prescaler
                0x00000000       0x38 ..\obj\stm32f4xx_tim.o
 .text.TIM_SetIC4Prescaler
                0x00000000       0x3c ..\obj\stm32f4xx_tim.o
 .text.TIM_BDTRConfig
                0x00000000       0x50 ..\obj\stm32f4xx_tim.o
 .text.TIM_BDTRStructInit
                0x00000000       0x3c ..\obj\stm32f4xx_tim.o
 .text.TIM_CtrlPWMOutputs
                0x00000000       0x4c ..\obj\stm32f4xx_tim.o
 .text.TIM_SelectCOM
                0x00000000       0x40 ..\obj\stm32f4xx_tim.o
 .text.TIM_CCPreloadControl
                0x00000000       0x40 ..\obj\stm32f4xx_tim.o
 .text.TIM_GenerateEvent
                0x00000000       0x1c ..\obj\stm32f4xx_tim.o
 .text.TIM_GetFlagStatus
                0x00000000       0x38 ..\obj\stm32f4xx_tim.o
 .text.TIM_ClearFlag
                0x00000000       0x20 ..\obj\stm32f4xx_tim.o
 .text.TIM_DMAConfig
                0x00000000       0x28 ..\obj\stm32f4xx_tim.o
 .text.TIM_DMACmd
                0x00000000       0x48 ..\obj\stm32f4xx_tim.o
 .text.TIM_SelectCCDMA
                0x00000000       0x40 ..\obj\stm32f4xx_tim.o
 .text.TIM_InternalClockConfig
                0x00000000       0x24 ..\obj\stm32f4xx_tim.o
 .text.TIM_ITRxExternalClockConfig
                0x00000000       0x2c ..\obj\stm32f4xx_tim.o
 .text.TIM_TIxExternalClockConfig
                0x00000000       0x54 ..\obj\stm32f4xx_tim.o
 .text.TIM_ETRClockMode1Config
                0x00000000       0x50 ..\obj\stm32f4xx_tim.o
 .text.TIM_ETRClockMode2Config
                0x00000000       0x30 ..\obj\stm32f4xx_tim.o
 .text.TIM_SelectOutputTrigger
                0x00000000       0x38 ..\obj\stm32f4xx_tim.o
 .text.TIM_ETRConfig
                0x00000000       0x48 ..\obj\stm32f4xx_tim.o
 .text.TIM_EncoderInterfaceConfig
                0x00000000       0x8c ..\obj\stm32f4xx_tim.o
 .text.TIM_SelectHallSensor
                0x00000000       0x40 ..\obj\stm32f4xx_tim.o
 .text.TIM_RemapConfig
                0x00000000       0x20 ..\obj\stm32f4xx_tim.o
 .text.TI3_Config
                0x00000000       0x84 ..\obj\stm32f4xx_tim.o
 .text.TI4_Config
                0x00000000       0x90 ..\obj\stm32f4xx_tim.o
 .data          0x00000000        0x0 c:/program files/gnu tools arm embedded/4.8 2014q2/bin/../lib/gcc/arm-none-eabi/4.8.4/armv7e-m\libgcc.a(_arm_addsubsf3.o)
 .bss           0x00000000        0x0 c:/program files/gnu tools arm embedded/4.8 2014q2/bin/../lib/gcc/arm-none-eabi/4.8.4/armv7e-m\libgcc.a(_arm_addsubsf3.o)
 .data          0x00000000        0x0 c:/program files/gnu tools arm embedded/4.8 2014q2/bin/../lib/gcc/arm-none-eabi/4.8.4/armv7e-m\libgcc.a(_arm_muldivsf3.o)
 .bss           0x00000000        0x0 c:/program files/gnu tools arm embedded/4.8 2014q2/bin/../lib/gcc/arm-none-eabi/4.8.4/armv7e-m\libgcc.a(_arm_muldivsf3.o)
 .data          0x00000000        0x0 c:/program files/gnu tools arm embedded/4.8 2014q2/bin/../lib/gcc/arm-none-eabi/4.8.4/armv7e-m\libgcc.a(_arm_cmpsf2.o)
 .bss           0x00000000        0x0 c:/program files/gnu tools arm embedded/4.8 2014q2/bin/../lib/gcc/arm-none-eabi/4.8.4/armv7e-m\libgcc.a(_arm_cmpsf2.o)
 .data          0x00000000        0x0 c:/program files/gnu tools arm embedded/4.8 2014q2/bin/../lib/gcc/arm-none-eabi/4.8.4/armv7e-m\libgcc.a(_arm_fixsfsi.o)
 .bss           0x00000000        0x0 c:/program files/gnu tools arm embedded/4.8 2014q2/bin/../lib/gcc/arm-none-eabi/4.8.4/armv7e-m\libgcc.a(_arm_fixsfsi.o)

Memory Configuration

Name             Origin             Length             Attributes
rom              0x08000000         0x00100000         xr
ram              0x20000000         0x00020000         xrw
ram1             0x10000000         0x00010000         xrw
*default*        0x00000000         0xffffffff

Linker script and memory map

                0x20020000                _eram = 0x20020000

.text           0x08000000     0x2018
 *(.isr_vector)
 .isr_vector    0x08000000      0x188 ..\obj\startup_stm32f4xx.o
                0x08000000                g_pfnVectors
 *(.text*)
 .text.SH_SendChar
                0x08000188       0x64 ..\obj\semihosting.o
                0x08000188                SH_SendChar
 .text.UB_HCSR04_Init
                0x080001ec       0x28 ..\obj\stm32_ub_hcsr04.o
                0x080001ec                UB_HCSR04_Init
 .text.UB_HCSR04_Distance_cm
                0x08000214       0xdc ..\obj\stm32_ub_hcsr04.o
                0x08000214                UB_HCSR04_Distance_cm
 .text.P_HCSR04_Trigger
                0x080002f0       0x40 ..\obj\stm32_ub_hcsr04.o
                0x080002f0                P_HCSR04_Trigger
 .text.changeEchoPin
                0x08000330       0x40 ..\obj\stm32_ub_hcsr04.o
                0x08000330                changeEchoPin
 .text.P_HCSR04_InitIO
                0x08000370       0x80 ..\obj\stm32_ub_hcsr04.o
                0x08000370                P_HCSR04_InitIO
 .text.P_HCSR04_InitTIM
                0x080003f0       0x98 ..\obj\stm32_ub_hcsr04.o
                0x080003f0                P_HCSR04_InitTIM
 .text.P_HCSR04_InitNVIC
                0x08000488       0x58 ..\obj\stm32_ub_hcsr04.o
                0x08000488                P_HCSR04_InitNVIC
 .text.TIM2_IRQHandler
                0x080004e0       0x54 ..\obj\stm32_ub_hcsr04.o
                0x080004e0                TIM2_IRQHandler
 .text.TIM7_IRQHandler
                0x08000534       0x30 ..\obj\stm32_ub_hcsr04.o
                0x08000534                TIM7_IRQHandler
 .text.Default_Reset_Handler
                0x08000564       0x5c ..\obj\startup_stm32f4xx.o
                0x08000564                Default_Reset_Handler
                0x08000564                Reset_Handler
 .text.Default_Handler
                0x080005c0        0x8 ..\obj\startup_stm32f4xx.o
                0x080005c0                RTC_Alarm_IRQHandler
                0x080005c0                HASH_RNG_IRQHandler
                0x080005c0                EXTI2_IRQHandler
                0x080005c0                TIM8_CC_IRQHandler
                0x080005c0                DebugMon_Handler
                0x080005c0                TIM1_CC_IRQHandler
                0x080005c0                DMA2_Stream5_IRQHandler
                0x080005c0                DMA1_Stream5_IRQHandler
                0x080005c0                SysTick_Handler
                0x080005c0                PVD_IRQHandler
                0x080005c0                SDIO_IRQHandler
                0x080005c0                TAMP_STAMP_IRQHandler
                0x080005c0                PendSV_Handler
                0x080005c0                NMI_Handler
                0x080005c0                CAN2_RX1_IRQHandler
                0x080005c0                EXTI3_IRQHandler
                0x080005c0                TIM8_TRG_COM_TIM14_IRQHandler
                0x080005c0                TIM1_UP_TIM10_IRQHandler
                0x080005c0                TIM8_UP_TIM13_IRQHandler
                0x080005c0                I2C3_ER_IRQHandler
                0x080005c0                EXTI0_IRQHandler
                0x080005c0                I2C2_EV_IRQHandler
                0x080005c0                DMA1_Stream2_IRQHandler
                0x080005c0                CAN1_RX0_IRQHandler
                0x080005c0                FPU_IRQHandler
                0x080005c0                OTG_HS_WKUP_IRQHandler
                0x080005c0                UsageFault_Handler
                0x080005c0                CAN2_SCE_IRQHandler
                0x080005c0                DMA2_Stream2_IRQHandler
                0x080005c0                SPI1_IRQHandler
                0x080005c0                TIM6_DAC_IRQHandler
                0x080005c0                TIM1_BRK_TIM9_IRQHandler
                0x080005c0                DCMI_IRQHandler
                0x080005c0                CAN2_RX0_IRQHandler
                0x080005c0                DMA2_Stream3_IRQHandler
                0x080005c0                USART6_IRQHandler
                0x080005c0                USART3_IRQHandler
                0x080005c0                CRYP_IRQHandler
                0x080005c0                CAN1_RX1_IRQHandler
                0x080005c0                UART5_IRQHandler
                0x080005c0                DMA2_Stream0_IRQHandler
                0x080005c0                TIM4_IRQHandler
                0x080005c0                I2C1_EV_IRQHandler
                0x080005c0                DMA1_Stream6_IRQHandler
                0x080005c0                DMA1_Stream1_IRQHandler
                0x080005c0                UART4_IRQHandler
                0x080005c0                TIM3_IRQHandler
                0x080005c0                RCC_IRQHandler
                0x080005c0                TIM8_BRK_TIM12_IRQHandler
                0x080005c0                EXTI15_10_IRQHandler
                0x080005c0                ADC_IRQHandler
                0x080005c0                DMA1_Stream7_IRQHandler
                0x080005c0                CAN2_TX_IRQHandler
                0x080005c0                TIM5_IRQHandler
                0x080005c0                DMA2_Stream7_IRQHandler
                0x080005c0                I2C3_EV_IRQHandler
                0x080005c0                EXTI9_5_IRQHandler
                0x080005c0                RTC_WKUP_IRQHandler
                0x080005c0                ETH_WKUP_IRQHandler
                0x080005c0                SPI2_IRQHandler
                0x080005c0                OTG_HS_EP1_IN_IRQHandler
                0x080005c0                MemManage_Handler
                0x080005c0                DMA1_Stream0_IRQHandler
                0x080005c0                CAN1_TX_IRQHandler
                0x080005c0                SVC_Handler
                0x080005c0                EXTI4_IRQHandler
                0x080005c0                FSMC_IRQHandler
                0x080005c0                ETH_IRQHandler
                0x080005c0                OTG_HS_EP1_OUT_IRQHandler
                0x080005c0                WWDG_IRQHandler
                0x080005c0                OTG_FS_WKUP_IRQHandler
                0x080005c0                TIM1_TRG_COM_TIM11_IRQHandler
                0x080005c0                OTG_HS_IRQHandler
                0x080005c0                EXTI1_IRQHandler
                0x080005c0                USART2_IRQHandler
                0x080005c0                I2C2_ER_IRQHandler
                0x080005c0                DMA2_Stream1_IRQHandler
                0x080005c0                CAN1_SCE_IRQHandler
                0x080005c0                FLASH_IRQHandler
                0x080005c0                DMA2_Stream4_IRQHandler
                0x080005c0                BusFault_Handler
                0x080005c0                USART1_IRQHandler
                0x080005c0                OTG_FS_IRQHandler
                0x080005c0                SPI3_IRQHandler
                0x080005c0                DMA1_Stream4_IRQHandler
                0x080005c0                I2C1_ER_IRQHandler
                0x080005c0                DMA2_Stream6_IRQHandler
                0x080005c0                DMA1_Stream3_IRQHandler
 .text.UB_Led_Init
                0x080005c8       0xa4 ..\obj\stm32_ub_led.o
                0x080005c8                UB_Led_Init
 .text.UB_Led_Off
                0x0800066c       0x3c ..\obj\stm32_ub_led.o
                0x0800066c                UB_Led_Off
 .text.UB_Led_On
                0x080006a8       0x3c ..\obj\stm32_ub_led.o
                0x080006a8                UB_Led_On
 .text.TM_Delay_Init
                0x080006e4       0x2c ..\obj\main.o
                0x080006e4                TM_Delay_Init
 .text.TM_DelayMicros
                0x08000710       0x30 ..\obj\main.o
                0x08000710                TM_DelayMicros
 .text.main     0x08000740      0x100 ..\obj\main.o
                0x08000740                main
 .text.RCC_GetClocksFreq
                0x08000840      0x154 ..\obj\stm32f4xx_rcc.o
                0x08000840                RCC_GetClocksFreq
 .text.RCC_AHB1PeriphClockCmd
                0x08000994       0x3c ..\obj\stm32f4xx_rcc.o
                0x08000994                RCC_AHB1PeriphClockCmd
 .text.RCC_APB1PeriphClockCmd
                0x080009d0       0x3c ..\obj\stm32f4xx_rcc.o
                0x080009d0                RCC_APB1PeriphClockCmd
 .text.PrintChar
                0x08000a0c       0x18 ..\obj\printf.o
                0x08000a0c                PrintChar
 .text.PutChar  0x08000a24       0x20 ..\obj\printf.o
                0x08000a24                PutChar
 .text.PutString
                0x08000a44       0x3c ..\obj\printf.o
                0x08000a44                PutString
 .text.PutUnsignedInt
                0x08000a80       0xa0 ..\obj\printf.o
                0x08000a80                PutUnsignedInt
 .text.PutSignedInt
                0x08000b20       0xfc ..\obj\printf.o
                0x08000b20                PutSignedInt
 .text.PutHexa  0x08000c1c       0xd4 ..\obj\printf.o
                0x08000c1c                PutHexa
 .text.vsnprintf
                0x08000cf0      0x254 ..\obj\printf.o
                0x08000cf0                vsnprintf
 .text.vsprintf
                0x08000f44       0x24 ..\obj\printf.o
                0x08000f44                vsprintf
 .text.vfprintf
                0x08000f68       0x68 ..\obj\printf.o
                0x08000f68                vfprintf
 .text.vprintf  0x08000fd0       0x28 ..\obj\printf.o
                0x08000fd0                vprintf
 .text.printf   0x08000ff8       0x28 ..\obj\printf.o
                0x08000ff8                printf
 .text.fputc    0x08001020       0x40 ..\obj\printf.o
                0x08001020                fputc
 .text.fputs    0x08001060       0x48 ..\obj\printf.o
                0x08001060                fputs
 .text.GPIO_Init
                0x080010a8      0x11c ..\obj\stm32f4xx_gpio.o
                0x080010a8                GPIO_Init
 .text.GPIO_PinAFConfig
                0x080011c4       0x8c ..\obj\stm32f4xx_gpio.o
                0x080011c4                GPIO_PinAFConfig
 .text          0x08001250       0x30 ..\obj\sh_cmd.o
                0x08001250                SH_DoCommand
                0x08001266                HardFault_Handler
 .text.SystemInit
                0x08001280       0x58 ..\obj\system_stm32f4xx.o
                0x08001280                SystemInit
 .text.SetSysClock
                0x080012d8       0xf4 ..\obj\system_stm32f4xx.o
 .text.NVIC_Init
                0x080013cc       0xbc ..\obj\misc.o
                0x080013cc                NVIC_Init
 .text.TIM_TimeBaseInit
                0x08001488       0xd4 ..\obj\stm32f4xx_tim.o
                0x08001488                TIM_TimeBaseInit
 .text.TIM_PrescalerConfig
                0x0800155c       0x28 ..\obj\stm32f4xx_tim.o
                0x0800155c                TIM_PrescalerConfig
 .text.TIM_SetCounter
                0x08001584       0x1c ..\obj\stm32f4xx_tim.o
                0x08001584                TIM_SetCounter
 .text.TIM_ARRPreloadConfig
                0x080015a0       0x40 ..\obj\stm32f4xx_tim.o
                0x080015a0                TIM_ARRPreloadConfig
 .text.TIM_Cmd  0x080015e0       0x40 ..\obj\stm32f4xx_tim.o
                0x080015e0                TIM_Cmd
 .text.TIM_PWMIConfig
                0x08001620       0xb8 ..\obj\stm32f4xx_tim.o
                0x08001620                TIM_PWMIConfig
 .text.TIM_GetCapture1
                0x080016d8       0x18 ..\obj\stm32f4xx_tim.o
                0x080016d8                TIM_GetCapture1
 .text.TIM_GetCapture2
                0x080016f0       0x18 ..\obj\stm32f4xx_tim.o
                0x080016f0                TIM_GetCapture2
 .text.TIM_SetIC1Prescaler
                0x08001708       0x38 ..\obj\stm32f4xx_tim.o
                0x08001708                TIM_SetIC1Prescaler
 .text.TIM_SetIC2Prescaler
                0x08001740       0x3c ..\obj\stm32f4xx_tim.o
                0x08001740                TIM_SetIC2Prescaler
 .text.TIM_ITConfig
                0x0800177c       0x48 ..\obj\stm32f4xx_tim.o
                0x0800177c                TIM_ITConfig
 .text.TIM_GetITStatus
                0x080017c4       0x54 ..\obj\stm32f4xx_tim.o
                0x080017c4                TIM_GetITStatus
 .text.TIM_ClearITPendingBit
                0x08001818       0x20 ..\obj\stm32f4xx_tim.o
                0x08001818                TIM_ClearITPendingBit
 .text.TIM_SelectInputTrigger
                0x08001838       0x38 ..\obj\stm32f4xx_tim.o
                0x08001838                TIM_SelectInputTrigger
 .text.TIM_SelectSlaveMode
                0x08001870       0x38 ..\obj\stm32f4xx_tim.o
                0x08001870                TIM_SelectSlaveMode
 .text.TIM_SelectMasterSlaveMode
                0x080018a8       0x38 ..\obj\stm32f4xx_tim.o
                0x080018a8                TIM_SelectMasterSlaveMode
 .text.TI1_Config
                0x080018e0       0x78 ..\obj\stm32f4xx_tim.o
 .text.TI2_Config
                0x08001958       0x8c ..\obj\stm32f4xx_tim.o
 .text          0x080019e4      0x21c c:/program files/gnu tools arm embedded/4.8 2014q2/bin/../lib/gcc/arm-none-eabi/4.8.4/armv7e-m\libgcc.a(_arm_addsubsf3.o)
                0x080019e4                __aeabi_frsub
                0x080019ec                __subsf3
                0x080019ec                __aeabi_fsub
                0x080019f0                __aeabi_fadd
                0x080019f0                __addsf3
                0x08001b50                __aeabi_ui2f
                0x08001b50                __floatunsisf
                0x08001b58                __aeabi_i2f
                0x08001b58                __floatsisf
                0x08001b74                __aeabi_ul2f
                0x08001b74                __floatundisf
                0x08001b84                __aeabi_l2f
                0x08001b84                __floatdisf
 .text          0x08001c00      0x2a0 c:/program files/gnu tools arm embedded/4.8 2014q2/bin/../lib/gcc/arm-none-eabi/4.8.4/armv7e-m\libgcc.a(_arm_muldivsf3.o)
                0x08001c00                __mulsf3
                0x08001c00                __aeabi_fmul
                0x08001d68                __aeabi_fdiv
                0x08001d68                __divsf3
 .text          0x08001ea0       0xec c:/program files/gnu tools arm embedded/4.8 2014q2/bin/../lib/gcc/arm-none-eabi/4.8.4/armv7e-m\libgcc.a(_arm_cmpsf2.o)
                0x08001ea0                __gesf2
                0x08001ea0                __gtsf2
                0x08001ea8                __lesf2
                0x08001ea8                __ltsf2
                0x08001eb0                __nesf2
                0x08001eb0                __eqsf2
                0x08001eb0                __cmpsf2
                0x08001f10                __aeabi_cfrcmple
                0x08001f18                __aeabi_cfcmpeq
                0x08001f18                __aeabi_cfcmple
                0x08001f28                __aeabi_fcmpeq
                0x08001f3c                __aeabi_fcmplt
                0x08001f50                __aeabi_fcmple
                0x08001f64                __aeabi_fcmpge
                0x08001f78                __aeabi_fcmpgt
 .text          0x08001f8c       0x4c c:/program files/gnu tools arm embedded/4.8 2014q2/bin/../lib/gcc/arm-none-eabi/4.8.4/armv7e-m\libgcc.a(_arm_fixsfsi.o)
                0x08001f8c                __aeabi_f2iz
                0x08001f8c                __fixsfsi
 *(.init)
 *(.fini)
 *crtbegin.o(.ctors)
 *crtbegin?.o(.ctors)
 *(EXCLUDE_FILE(*crtend.o *crtend?.o) .ctors)
 *(SORT(.ctors.*))
 *(.ctors)
 *crtbegin.o(.dtors)
 *crtbegin?.o(.dtors)
 *(EXCLUDE_FILE(*crtend.o *crtend?.o) .dtors)
 *(SORT(.dtors.*))
 *(.dtors)
 *(.rodata*)
 .rodata        0x08001fd8       0x1c ..\obj\main.o
 .rodata        0x08001ff4       0x24 ..\obj\printf.o
 *(.eh_fram e*)

.glue_7         0x08002018        0x0
 .glue_7        0x00000000        0x0 linker stubs

.glue_7t        0x08002018        0x0
 .glue_7t       0x00000000        0x0 linker stubs

.vfp11_veneer   0x08002018        0x0
 .vfp11_veneer  0x00000000        0x0 linker stubs

.v4_bx          0x08002018        0x0
 .v4_bx         0x00000000        0x0 linker stubs

.iplt           0x08002018        0x0
 .iplt          0x00000000        0x0 ..\obj\semihosting.o

.rel.dyn        0x08002018        0x0
 .rel.iplt      0x00000000        0x0 ..\obj\semihosting.o

.ARM.extab
 *(.ARM.extab* .gnu.linkonce.armextab.*)
                0x08002018                __exidx_start = .

.ARM.exidx
 *(.ARM.exidx* .gnu.linkonce.armexidx.*)
                0x08002018                __exidx_end = .
                0x08002018                __etext = .
                0x08002018                _sidata = __etext

.data           0x20000000      0x490 load address 0x08002018
                0x20000000                __data_start__ = .
                0x20000000                _sdata = __data_start__
 *(vtable)
 *(.data*)
 .data          0x20000000       0x50 ..\obj\stm32_ub_led.o
                0x20000000                LED
 .data          0x20000050       0x10 ..\obj\stm32f4xx_rcc.o
 .data          0x20000060      0x430 ..\obj\printf.o
                0x20000060                r
                0x20000488                _impure_ptr
                0x20000490                . = ALIGN (0x4)
                0x20000490                PROVIDE (__preinit_array_start, .)
 *(.preinit_array)
                0x20000490                PROVIDE (__preinit_array_end, .)
                0x20000490                . = ALIGN (0x4)
                0x20000490                PROVIDE (__init_array_start, .)
 *(SORT(.init_array.*))
 *(.init_array)
                0x20000490                PROVIDE (__init_array_end, .)
                0x20000490                . = ALIGN (0x4)
                0x20000490                PROVIDE (__fini_array_start, .)
 *(SORT(.fini_array.*))
 *(.fini_array)
                0x20000490                PROVIDE (__fini_array_end, .)
 *(.jcr*)
                0x20000490                . = ALIGN (0x4)
                0x20000490                __data_end__ = .
                0x20000490                _edata = __data_end__

.igot.plt       0x20000490        0x0 load address 0x080024a8
 .igot.plt      0x00000000        0x0 ..\obj\semihosting.o

.bss            0x20000490       0x2c load address 0x080024a8
                0x20000490                . = ALIGN (0x4)
                0x20000490                __bss_start__ = .
                0x20000490                _sbss = __bss_start__
 *(.bss*)
 .bss           0x20000490       0x14 ..\obj\semihosting.o
 *(COMMON)
 COMMON         0x200004a4       0x14 ..\obj\stm32_ub_hcsr04.o
                0x200004a4                HCSR04
                0x200004b0                GPIO_InitStructure
 COMMON         0x200004b8        0x4 ..\obj\main.o
                0x200004b8                multiplier
                0x200004bc                . = ALIGN (0x4)
                0x200004bc                __bss_end__ = .
                0x200004bc                _ebss = __bss_end__

.heap           0x200004bc        0x0
                0x200004bc                __end__ = .
                0x200004bc                _end = __end__
                0x200004bc                end = __end__
 *(.heap*)
                0x200004bc                __HeapLimit = .

.co_stack       0x200004bc      0x804 load address 0x080024d4
                0x200004c0                . = ALIGN (0x8)
 *fill*         0x200004bc        0x4 
 *(.co_stack .co_stack.*)
 .co_stack      0x200004c0      0x800 ..\obj\startup_stm32f4xx.o
                0x200004c0                pulStack
                0x20020000                __StackTop = (ORIGIN (ram) + 0x20000)
                0x2001f7fc                __StackLimit = (__StackTop - SIZEOF (.co_stack))
                0x20020000                PROVIDE (__stack, __StackTop)
                0x00000001                ASSERT ((__StackLimit >= __HeapLimit), region ram  overflowed with stack)
LOAD ..\obj\semihosting.o
LOAD ..\obj\stm32_ub_hcsr04.o
LOAD ..\obj\startup_stm32f4xx.o
LOAD ..\obj\stm32_ub_led.o
LOAD ..\obj\main.o
LOAD ..\obj\stm32f4xx_rcc.o
LOAD ..\obj\printf.o
LOAD ..\obj\stm32f4xx_gpio.o
LOAD ..\obj\sh_cmd.o
LOAD ..\obj\system_stm32f4xx.o
LOAD ..\obj\misc.o
LOAD ..\obj\stm32f4xx_tim.o
START GROUP
LOAD c:/program files/gnu tools arm embedded/4.8 2014q2/bin/../lib/gcc/arm-none-eabi/4.8.4/armv7e-m\libgcc.a
LOAD c:/program files/gnu tools arm embedded/4.8 2014q2/bin/../lib/gcc/arm-none-eabi/4.8.4/../../../../arm-none-eabi/lib/armv7e-m\libg.a
LOAD c:/program files/gnu tools arm embedded/4.8 2014q2/bin/../lib/gcc/arm-none-eabi/4.8.4/../../../../arm-none-eabi/lib/armv7e-m\libc.a
END GROUP
OUTPUT(Demo_72.elf elf32-littlearm)

.debug_info     0x00000000     0x5a57
 .debug_info    0x00000000      0x122 ..\obj\semihosting.o
 .debug_info    0x00000122      0x95b ..\obj\stm32_ub_hcsr04.o
 .debug_info    0x00000a7d       0xed ..\obj\startup_stm32f4xx.o
 .debug_info    0x00000b6a      0x41a ..\obj\stm32_ub_led.o
 .debug_info    0x00000f84      0x261 ..\obj\main.o
 .debug_info    0x000011e5      0xc4d ..\obj\stm32f4xx_rcc.o
 .debug_info    0x00001e32      0xe5a ..\obj\printf.o
 .debug_info    0x00002c8c      0x602 ..\obj\stm32f4xx_gpio.o
 .debug_info    0x0000328e       0x99 ..\obj\sh_cmd.o
 .debug_info    0x00003327      0x592 ..\obj\system_stm32f4xx.o
 .debug_info    0x000038b9      0x53d ..\obj\misc.o
 .debug_info    0x00003df6     0x1c61 ..\obj\stm32f4xx_tim.o

.debug_abbrev   0x00000000      0xf77
 .debug_abbrev  0x00000000       0x9e ..\obj\semihosting.o
 .debug_abbrev  0x0000009e      0x18b ..\obj\stm32_ub_hcsr04.o
 .debug_abbrev  0x00000229       0xb0 ..\obj\startup_stm32f4xx.o
 .debug_abbrev  0x000002d9      0x149 ..\obj\stm32_ub_led.o
 .debug_abbrev  0x00000422      0x121 ..\obj\main.o
 .debug_abbrev  0x00000543      0x1e3 ..\obj\stm32f4xx_rcc.o
 .debug_abbrev  0x00000726      0x298 ..\obj\printf.o
 .debug_abbrev  0x000009be      0x1a3 ..\obj\stm32f4xx_gpio.o
 .debug_abbrev  0x00000b61       0x14 ..\obj\sh_cmd.o
 .debug_abbrev  0x00000b75      0x136 ..\obj\system_stm32f4xx.o
 .debug_abbrev  0x00000cab      0x145 ..\obj\misc.o
 .debug_abbrev  0x00000df0      0x187 ..\obj\stm32f4xx_tim.o

.debug_aranges  0x00000000      0x758
 .debug_aranges
                0x00000000       0x30 ..\obj\semihosting.o
 .debug_aranges
                0x00000030       0x60 ..\obj\stm32_ub_hcsr04.o
 .debug_aranges
                0x00000090       0x28 ..\obj\startup_stm32f4xx.o
 .debug_aranges
                0x000000b8       0x40 ..\obj\stm32_ub_led.o
 .debug_aranges
                0x000000f8       0x30 ..\obj\main.o
 .debug_aranges
                0x00000128      0x178 ..\obj\stm32f4xx_rcc.o
 .debug_aranges
                0x000002a0       0xa8 ..\obj\printf.o
 .debug_aranges
                0x00000348       0x88 ..\obj\stm32f4xx_gpio.o
 .debug_aranges
                0x000003d0       0x20 ..\obj\sh_cmd.o
 .debug_aranges
                0x000003f0       0x30 ..\obj\system_stm32f4xx.o
 .debug_aranges
                0x00000420       0x40 ..\obj\misc.o
 .debug_aranges
                0x00000460      0x2f8 ..\obj\stm32f4xx_tim.o

.debug_ranges   0x00000000      0x688
 .debug_ranges  0x00000000       0x20 ..\obj\semihosting.o
 .debug_ranges  0x00000020       0x50 ..\obj\stm32_ub_hcsr04.o
 .debug_ranges  0x00000070       0x18 ..\obj\startup_stm32f4xx.o
 .debug_ranges  0x00000088       0x30 ..\obj\stm32_ub_led.o
 .debug_ranges  0x000000b8       0x20 ..\obj\main.o
 .debug_ranges  0x000000d8      0x168 ..\obj\stm32f4xx_rcc.o
 .debug_ranges  0x00000240       0x98 ..\obj\printf.o
 .debug_ranges  0x000002d8       0x78 ..\obj\stm32f4xx_gpio.o
 .debug_ranges  0x00000350       0x20 ..\obj\system_stm32f4xx.o
 .debug_ranges  0x00000370       0x30 ..\obj\misc.o
 .debug_ranges  0x000003a0      0x2e8 ..\obj\stm32f4xx_tim.o

.debug_line     0x00000000     0x2444
 .debug_line    0x00000000       0xa8 ..\obj\semihosting.o
 .debug_line    0x000000a8      0x313 ..\obj\stm32_ub_hcsr04.o
 .debug_line    0x000003bb       0x9e ..\obj\startup_stm32f4xx.o
 .debug_line    0x00000459      0x25a ..\obj\stm32_ub_led.o
 .debug_line    0x000006b3      0x23b ..\obj\main.o
 .debug_line    0x000008ee      0x591 ..\obj\stm32f4xx_rcc.o
 .debug_line    0x00000e7f      0x394 ..\obj\printf.o
 .debug_line    0x00001213      0x336 ..\obj\stm32f4xx_gpio.o
 .debug_line    0x00001549       0x7f ..\obj\sh_cmd.o
 .debug_line    0x000015c8      0x1e4 ..\obj\system_stm32f4xx.o
 .debug_line    0x000017ac      0x23c ..\obj\misc.o
 .debug_line    0x000019e8      0xa5c ..\obj\stm32f4xx_tim.o

.debug_str      0x00000000     0x2770
 .debug_str     0x00000000      0x14e ..\obj\semihosting.o
                                0x187 (size before relaxing)
 .debug_str     0x0000014e      0xa9f ..\obj\stm32_ub_hcsr04.o
                                0xbda (size before relaxing)
 .debug_str     0x00000bed       0xad ..\obj\startup_stm32f4xx.o
                                0x144 (size before relaxing)
 .debug_str     0x00000c9a      0x104 ..\obj\stm32_ub_led.o
                                0x3fb (size before relaxing)
 .debug_str     0x00000d9e       0xd6 ..\obj\main.o
                                0x2d1 (size before relaxing)
 .debug_str     0x00000e74      0x5ef ..\obj\stm32f4xx_rcc.o
                                0x84d (size before relaxing)
 .debug_str     0x00001463      0x4d1 ..\obj\printf.o
                                0x667 (size before relaxing)
 .debug_str     0x00001934      0x1a0 ..\obj\stm32f4xx_gpio.o
                                0x4a0 (size before relaxing)
 .debug_str     0x00001ad4      0x115 ..\obj\system_stm32f4xx.o
                                0x3a7 (size before relaxing)
 .debug_str     0x00001be9      0x15e ..\obj\misc.o
                                0x3cb (size before relaxing)
 .debug_str     0x00001d47      0xa29 ..\obj\stm32f4xx_tim.o
                                0xdcd (size before relaxing)

.comment        0x00000000       0x70
 .comment       0x00000000       0x70 ..\obj\semihosting.o
                                 0x71 (size before relaxing)
 .comment       0x00000000       0x71 ..\obj\stm32_ub_hcsr04.o
 .comment       0x00000000       0x71 ..\obj\startup_stm32f4xx.o
 .comment       0x00000000       0x71 ..\obj\stm32_ub_led.o
 .comment       0x00000000       0x71 ..\obj\main.o
 .comment       0x00000000       0x71 ..\obj\stm32f4xx_rcc.o
 .comment       0x00000000       0x71 ..\obj\printf.o
 .comment       0x00000000       0x71 ..\obj\stm32f4xx_gpio.o
 .comment       0x00000000       0x71 ..\obj\system_stm32f4xx.o
 .comment       0x00000000       0x71 ..\obj\misc.o
 .comment       0x00000000       0x71 ..\obj\stm32f4xx_tim.o

.ARM.attributes
                0x00000000       0x31
 .ARM.attributes
                0x00000000       0x33 ..\obj\semihosting.o
 .ARM.attributes
                0x00000033       0x33 ..\obj\stm32_ub_hcsr04.o
 .ARM.attributes
                0x00000066       0x33 ..\obj\startup_stm32f4xx.o
 .ARM.attributes
                0x00000099       0x33 ..\obj\stm32_ub_led.o
 .ARM.attributes
                0x000000cc       0x33 ..\obj\main.o
 .ARM.attributes
                0x000000ff       0x33 ..\obj\stm32f4xx_rcc.o
 .ARM.attributes
                0x00000132       0x33 ..\obj\printf.o
 .ARM.attributes
                0x00000165       0x33 ..\obj\stm32f4xx_gpio.o
 .ARM.attributes
                0x00000198       0x21 ..\obj\sh_cmd.o
 .ARM.attributes
                0x000001b9       0x33 ..\obj\system_stm32f4xx.o
 .ARM.attributes
                0x000001ec       0x33 ..\obj\misc.o
 .ARM.attributes
                0x0000021f       0x33 ..\obj\stm32f4xx_tim.o
 .ARM.attributes
                0x00000252       0x1e c:/program files/gnu tools arm embedded/4.8 2014q2/bin/../lib/gcc/arm-none-eabi/4.8.4/armv7e-m\libgcc.a(_arm_addsubsf3.o)
 .ARM.attributes
                0x00000270       0x1e c:/program files/gnu tools arm embedded/4.8 2014q2/bin/../lib/gcc/arm-none-eabi/4.8.4/armv7e-m\libgcc.a(_arm_muldivsf3.o)
 .ARM.attributes
                0x0000028e       0x1e c:/program files/gnu tools arm embedded/4.8 2014q2/bin/../lib/gcc/arm-none-eabi/4.8.4/armv7e-m\libgcc.a(_arm_cmpsf2.o)
 .ARM.attributes
                0x000002ac       0x1e c:/program files/gnu tools arm embedded/4.8 2014q2/bin/../lib/gcc/arm-none-eabi/4.8.4/armv7e-m\libgcc.a(_arm_fixsfsi.o)

.debug_frame    0x00000000     0x1700
 .debug_frame   0x00000000       0x70 ..\obj\semihosting.o
 .debug_frame   0x00000070      0x120 ..\obj\stm32_ub_hcsr04.o
 .debug_frame   0x00000190       0x48 ..\obj\startup_stm32f4xx.o
 .debug_frame   0x000001d8       0xa8 ..\obj\stm32_ub_led.o
 .debug_frame   0x00000280       0x6c ..\obj\main.o
 .debug_frame   0x000002ec      0x4d8 ..\obj\stm32f4xx_rcc.o
 .debug_frame   0x000007c4      0x264 ..\obj\printf.o
 .debug_frame   0x00000a28      0x19c ..\obj\stm32f4xx_gpio.o
 .debug_frame   0x00000bc4       0x64 ..\obj\system_stm32f4xx.o
 .debug_frame   0x00000c28       0x9c ..\obj\misc.o
 .debug_frame   0x00000cc4      0xa3c ..\obj\stm32f4xx_tim.o
